
Running 35 tests using 1 worker
node.exe : [2m[WebServer] [22m 
[33m[1mΓÜá[22m[39m Fast Refresh had to perform 
a full reload. Read more: 
https://nextjs.org/docs/messages/fast-refresh-reload
At C:\Program Files\nodejs\npx.ps1:29 char:3
+   & $NODE_EXE $NPX_CLI_JS $args
+   ~~~~~~~~~~~~~~~~~~~~~~~~~~~~~
    + CategoryInfo          : NotSpecified: ([2m[W 
   ebServer]...-refresh-reload:String) [], RemoteE  
  xception
    + FullyQualifiedErrorId : NativeCommandError
 
[2m[WebServer] [22m [31m[1mΓ¿»[22m[39m Failed 
to generate static paths for /list/[id]:
[2m[WebServer] [22mError: Cannot find module 
'./vendor-chunks/lucide-react.js'
[2m[WebServer] [22mRequire stack:
[2m[WebServer] [22m- C:\development\GenAI\Cursor\G
rocery\.next\server\webpack-runtime.js
[2m[WebServer] [22m- C:\development\GenAI\Cursor\G
rocery\.next\server\app\list\[id]\page.js
[2m[WebServer] [22m- C:\development\GenAI\Cursor\G
rocery\node_modules\next\dist\server\require.js
[2m[WebServer] [22m- C:\development\GenAI\Cursor\G
rocery\node_modules\next\dist\server\load-components
.js
[2m[WebServer] [22m- C:\development\GenAI\Cursor\G
rocery\node_modules\next\dist\build\utils.js
[2m[WebServer] [22m- C:\development\GenAI\Cursor\G
rocery\node_modules\next\dist\server\dev\static-path
s-worker.js
[2m[WebServer] [22m- C:\development\GenAI\Cursor\G
rocery\node_modules\next\dist\compiled\jest-worker\p
rocessChild.js
[2m[WebServer] [22m[90m    at 
Function.<anonymous> 
(node:internal/modules/cjs/loader:1249:15)[39m
[2m[WebServer] [22m    at [90mC:\development\GenA
I\Cursor\Grocery\[39mnode_modules\[4mnext[24m\dis
t\server\require-hook.js:55:36
[2m[WebServer] [22m[90m    at Function._load 
(node:internal/modules/cjs/loader:1075:27)[39m
[2m[WebServer] [22m[90m    at 
TracingChannel.traceSync 
(node:diagnostics_channel:322:14)[39m
[2m[WebServer] [22m[90m    at wrapModuleLoad 
(node:internal/modules/cjs/loader:219:24)[39m
[2m[WebServer] [22m[90m    at Module.<anonymous> 
(node:internal/modules/cjs/loader:1340:12)[39m
[2m[WebServer] [22m    at mod.require [90m(C:\dev
elopment\GenAI\Cursor\Grocery\[39mnode_modules\[4m
next[24m\dist\server\require-hook.js:65:28[90m)[3
9m
[2m[WebServer] [22m[90m    at require 
(node:internal/modules/helpers:138:16)[39m
[2m[WebServer] [22m    at 
__webpack_require__.f.require [90m(C:\development\G
enAI\Cursor\Grocery\[39m.next\server\webpack-runtim
e.js:198:28[90m)[39m
[2m[WebServer] [22m    at [90mC:\development\GenA
I\Cursor\Grocery\[39m.next\server\webpack-runtime.j
s:111:40 {
[2m[WebServer] [22m  type: [32m'Error'[39m,
[2m[WebServer] [22m  code: 
[32m'MODULE_NOT_FOUND'[39m,
[2m[WebServer] [22m  requireStack: [
[2m[WebServer] [22m    [32m'C:\\development\\GenA
I\\Cursor\\Grocery\\.next\\server\\webpack-runtime.j
s'[39m,
[2m[WebServer] [22m    [32m'C:\\development\\GenA
I\\Cursor\\Grocery\\.next\\server\\app\\list\\[id]\\
page.js'[39m,
[2m[WebServer] [22m    [32m'C:\\development\\GenA
I\\Cursor\\Grocery\\node_modules\\next\\dist\\server
\\require.js'[39m,
[2m[WebServer] [22m    [32m'C:\\development\\GenA
I\\Cursor\\Grocery\\node_modules\\next\\dist\\server
\\load-components.js'[39m,
[2m[WebServer] [22m    [32m'C:\\development\\GenA
I\\Cursor\\Grocery\\node_modules\\next\\dist\\build\
\utils.js'[39m,
[2m[WebServer] [22m    [32m'C:\\development\\GenA
I\\Cursor\\Grocery\\node_modules\\next\\dist\\server
\\dev\\static-paths-worker.js'[39m,
[2m[WebServer] [22m    [32m'C:\\development\\GenA
I\\Cursor\\Grocery\\node_modules\\next\\dist\\compil
ed\\jest-worker\\processChild.js'[39m
[2m[WebServer] [22m  ]
[2m[WebServer] [22m}
┬╖TTTTTTTTTF┬╖┬╖┬╖┬╖┬╖┬╖┬╖┬╖┬╖┬╖┬╖┬╖┬╖┬╖┬╖T┬╖TT┬╖┬╖┬╖┬╖F

  1) [chromium] ΓÇ║ e2e\grocery-app.spec.ts:78:7 ΓÇ║ Home Page - List Management ΓÇ║ should create a new empty list 

    [31mTest timeout of 60000ms exceeded.[39m

    Error: locator.click: Test timeout of 60000ms exceeded.
    Call log:
    [2m  - waiting for locator('button.fixed, button[class*="fixed"]').first()[22m


      82 |     // Click the floating add button
      83 |     const fabButton = page.locator('button.fixed, button[class*="fixed"]').first();
    > 84 |     await fabButton.click();
         |                     ^
      85 |     
      86 |     // Wait for modal to appear
      87 |     await page.waitForSelector('[role="dialog"]', { state: 'visible', timeout: 10000 });
        at C:\development\GenAI\Cursor\Grocery\e2e\grocery-app.spec.ts:84:21

    attachment #1: screenshot (image/png) ΓöÇΓöÇΓöÇΓöÇΓöÇΓöÇΓöÇΓöÇΓöÇΓöÇΓöÇΓöÇΓöÇΓöÇΓöÇΓöÇΓöÇΓöÇΓöÇΓöÇΓöÇΓöÇΓöÇΓöÇΓöÇΓöÇΓöÇΓöÇΓöÇΓöÇΓöÇΓöÇΓöÇΓöÇΓöÇΓöÇΓöÇΓöÇΓöÇΓöÇΓöÇΓöÇΓöÇΓöÇΓöÇΓöÇΓöÇΓöÇΓöÇΓöÇΓöÇΓöÇΓöÇΓöÇΓöÇΓöÇΓöÇΓöÇ
    test-results\grocery-app-Home-Page---Li-7d2b7-uld-create-a-new-empty-list-chromium\test-failed-1.png
    ΓöÇΓöÇΓöÇΓöÇΓöÇΓöÇΓöÇΓöÇΓöÇΓöÇΓöÇΓöÇΓöÇΓöÇΓöÇΓöÇΓöÇΓöÇΓöÇΓöÇΓöÇΓöÇΓöÇΓöÇΓöÇΓöÇΓöÇΓöÇΓöÇΓöÇΓöÇΓöÇΓöÇΓöÇΓöÇΓöÇΓöÇΓöÇΓöÇΓöÇΓöÇΓöÇΓöÇΓöÇΓöÇΓöÇΓöÇΓöÇΓöÇΓöÇΓöÇΓöÇΓöÇΓöÇΓöÇΓöÇΓöÇΓöÇΓöÇΓöÇΓöÇΓöÇΓöÇΓöÇΓöÇΓöÇΓöÇΓöÇΓöÇΓöÇΓöÇΓöÇΓöÇΓöÇΓöÇΓöÇΓöÇΓöÇΓöÇΓöÇΓöÇΓöÇΓöÇΓöÇΓöÇΓöÇΓöÇΓöÇΓöÇΓöÇΓöÇΓöÇΓöÇΓöÇΓöÇΓöÇ

    Error Context: test-results\grocery-app-Home-Page---Li-7d2b7-uld-create-a-new-empty-list-chromium\error-context.md

  2) [chromium] ΓÇ║ e2e\grocery-app.spec.ts:100:7 ΓÇ║ Home Page - List Management ΓÇ║ should display created list on home page 

    [31mTest timeout of 60000ms exceeded.[39m

    Error: locator.click: Test timeout of 60000ms exceeded.
    Call log:
    [2m  - waiting for locator('button.fixed, button[class*="fixed"]').first()[22m


      41 |   // Click the FAB (floating action button) - it contains a Plus icon
      42 |   const fabButton = page.locator('button.fixed, button[class*="fixed"]').first();
    > 43 |   await fabButton.click();
         |                   ^
      44 |   
      45 |   // Wait for modal dialog
      46 |   await page.waitForSelector('[role="dialog"]', { state: 'visible', timeout: 10000 });
        at createTestList (C:\development\GenAI\Cursor\Grocery\e2e\grocery-app.spec.ts:43:19)
        at C:\development\GenAI\Cursor\Grocery\e2e\grocery-app.spec.ts:102:5

    attachment #1: screenshot (image/png) ΓöÇΓöÇΓöÇΓöÇΓöÇΓöÇΓöÇΓöÇΓöÇΓöÇΓöÇΓöÇΓöÇΓöÇΓöÇΓöÇΓöÇΓöÇΓöÇΓöÇΓöÇΓöÇΓöÇΓöÇΓöÇΓöÇΓöÇΓöÇΓöÇΓöÇΓöÇΓöÇΓöÇΓöÇΓöÇΓöÇΓöÇΓöÇΓöÇΓöÇΓöÇΓöÇΓöÇΓöÇΓöÇΓöÇΓöÇΓöÇΓöÇΓöÇΓöÇΓöÇΓöÇΓöÇΓöÇΓöÇΓöÇΓöÇ
    test-results\grocery-app-Home-Page---Li-b643b-y-created-list-on-home-page-chromium\test-failed-1.png
    ΓöÇΓöÇΓöÇΓöÇΓöÇΓöÇΓöÇΓöÇΓöÇΓöÇΓöÇΓöÇΓöÇΓöÇΓöÇΓöÇΓöÇΓöÇΓöÇΓöÇΓöÇΓöÇΓöÇΓöÇΓöÇΓöÇΓöÇΓöÇΓöÇΓöÇΓöÇΓöÇΓöÇΓöÇΓöÇΓöÇΓöÇΓöÇΓöÇΓöÇΓöÇΓöÇΓöÇΓöÇΓöÇΓöÇΓöÇΓöÇΓöÇΓöÇΓöÇΓöÇΓöÇΓöÇΓöÇΓöÇΓöÇΓöÇΓöÇΓöÇΓöÇΓöÇΓöÇΓöÇΓöÇΓöÇΓöÇΓöÇΓöÇΓöÇΓöÇΓöÇΓöÇΓöÇΓöÇΓöÇΓöÇΓöÇΓöÇΓöÇΓöÇΓöÇΓöÇΓöÇΓöÇΓöÇΓöÇΓöÇΓöÇΓöÇΓöÇΓöÇΓöÇΓöÇΓöÇΓöÇ

    Error Context: test-results\grocery-app-Home-Page---Li-b643b-y-created-list-on-home-page-chromium\error-context.md

  3) [chromium] ΓÇ║ e2e\grocery-app.spec.ts:112:7 ΓÇ║ Home Page - List Management ΓÇ║ should open list menu and show delete option 

    [31mTest timeout of 60000ms exceeded.[39m

    Error: locator.click: Test timeout of 60000ms exceeded.
    Call log:
    [2m  - waiting for locator('button.fixed, button[class*="fixed"]').first()[22m


      41 |   // Click the FAB (floating action button) - it contains a Plus icon
      42 |   const fabButton = page.locator('button.fixed, button[class*="fixed"]').first();
    > 43 |   await fabButton.click();
         |                   ^
      44 |   
      45 |   // Wait for modal dialog
      46 |   await page.waitForSelector('[role="dialog"]', { state: 'visible', timeout: 10000 });
        at createTestList (C:\development\GenAI\Cursor\Grocery\e2e\grocery-app.spec.ts:43:19)
        at C:\development\GenAI\Cursor\Grocery\e2e\grocery-app.spec.ts:114:5

    attachment #1: screenshot (image/png) ΓöÇΓöÇΓöÇΓöÇΓöÇΓöÇΓöÇΓöÇΓöÇΓöÇΓöÇΓöÇΓöÇΓöÇΓöÇΓöÇΓöÇΓöÇΓöÇΓöÇΓöÇΓöÇΓöÇΓöÇΓöÇΓöÇΓöÇΓöÇΓöÇΓöÇΓöÇΓöÇΓöÇΓöÇΓöÇΓöÇΓöÇΓöÇΓöÇΓöÇΓöÇΓöÇΓöÇΓöÇΓöÇΓöÇΓöÇΓöÇΓöÇΓöÇΓöÇΓöÇΓöÇΓöÇΓöÇΓöÇΓöÇΓöÇ
    test-results\grocery-app-Home-Page---Li-a6219-menu-and-show-delete-option-chromium\test-failed-1.png
    ΓöÇΓöÇΓöÇΓöÇΓöÇΓöÇΓöÇΓöÇΓöÇΓöÇΓöÇΓöÇΓöÇΓöÇΓöÇΓöÇΓöÇΓöÇΓöÇΓöÇΓöÇΓöÇΓöÇΓöÇΓöÇΓöÇΓöÇΓöÇΓöÇΓöÇΓöÇΓöÇΓöÇΓöÇΓöÇΓöÇΓöÇΓöÇΓöÇΓöÇΓöÇΓöÇΓöÇΓöÇΓöÇΓöÇΓöÇΓöÇΓöÇΓöÇΓöÇΓöÇΓöÇΓöÇΓöÇΓöÇΓöÇΓöÇΓöÇΓöÇΓöÇΓöÇΓöÇΓöÇΓöÇΓöÇΓöÇΓöÇΓöÇΓöÇΓöÇΓöÇΓöÇΓöÇΓöÇΓöÇΓöÇΓöÇΓöÇΓöÇΓöÇΓöÇΓöÇΓöÇΓöÇΓöÇΓöÇΓöÇΓöÇΓöÇΓöÇΓöÇΓöÇΓöÇΓöÇΓöÇ

    Error Context: test-results\grocery-app-Home-Page---Li-a6219-menu-and-show-delete-option-chromium\error-context.md

  4) [chromium] ΓÇ║ e2e\grocery-app.spec.ts:139:7 ΓÇ║ List Page - Item Management ΓÇ║ should add a single item to the list 

    [31mTest timeout of 60000ms exceeded while running "beforeEach" hook.[39m

      132 | // ============================================================================
      133 | test.describe('List Page - Item Management', () => {
    > 134 |   test.beforeEach(async ({ page }) => {
          |        ^
      135 |     // Create a fresh list for each test
      136 |     await createTestList(page, 'Items Test List');
      137 |   });
        at C:\development\GenAI\Cursor\Grocery\e2e\grocery-app.spec.ts:134:8

    Error: locator.click: Test timeout of 60000ms exceeded.
    Call log:
    [2m  - waiting for locator('button.fixed, button[class*="fixed"]').first()[22m


      41 |   // Click the FAB (floating action button) - it contains a Plus icon
      42 |   const fabButton = page.locator('button.fixed, button[class*="fixed"]').first();
    > 43 |   await fabButton.click();
         |                   ^
      44 |   
      45 |   // Wait for modal dialog
      46 |   await page.waitForSelector('[role="dialog"]', { state: 'visible', timeout: 10000 });
        at createTestList (C:\development\GenAI\Cursor\Grocery\e2e\grocery-app.spec.ts:43:19)
        at C:\development\GenAI\Cursor\Grocery\e2e\grocery-app.spec.ts:136:5

    attachment #1: screenshot (image/png) ΓöÇΓöÇΓöÇΓöÇΓöÇΓöÇΓöÇΓöÇΓöÇΓöÇΓöÇΓöÇΓöÇΓöÇΓöÇΓöÇΓöÇΓöÇΓöÇΓöÇΓöÇΓöÇΓöÇΓöÇΓöÇΓöÇΓöÇΓöÇΓöÇΓöÇΓöÇΓöÇΓöÇΓöÇΓöÇΓöÇΓöÇΓöÇΓöÇΓöÇΓöÇΓöÇΓöÇΓöÇΓöÇΓöÇΓöÇΓöÇΓöÇΓöÇΓöÇΓöÇΓöÇΓöÇΓöÇΓöÇΓöÇΓöÇ
    test-results\grocery-app-List-Page---It-e51b5-d-a-single-item-to-the-list-chromium\test-failed-1.png
    ΓöÇΓöÇΓöÇΓöÇΓöÇΓöÇΓöÇΓöÇΓöÇΓöÇΓöÇΓöÇΓöÇΓöÇΓöÇΓöÇΓöÇΓöÇΓöÇΓöÇΓöÇΓöÇΓöÇΓöÇΓöÇΓöÇΓöÇΓöÇΓöÇΓöÇΓöÇΓöÇΓöÇΓöÇΓöÇΓöÇΓöÇΓöÇΓöÇΓöÇΓöÇΓöÇΓöÇΓöÇΓöÇΓöÇΓöÇΓöÇΓöÇΓöÇΓöÇΓöÇΓöÇΓöÇΓöÇΓöÇΓöÇΓöÇΓöÇΓöÇΓöÇΓöÇΓöÇΓöÇΓöÇΓöÇΓöÇΓöÇΓöÇΓöÇΓöÇΓöÇΓöÇΓöÇΓöÇΓöÇΓöÇΓöÇΓöÇΓöÇΓöÇΓöÇΓöÇΓöÇΓöÇΓöÇΓöÇΓöÇΓöÇΓöÇΓöÇΓöÇΓöÇΓöÇΓöÇΓöÇ

    Error Context: test-results\grocery-app-List-Page---It-e51b5-d-a-single-item-to-the-list-chromium\error-context.md

  5) [chromium] ΓÇ║ e2e\grocery-app.spec.ts:156:7 ΓÇ║ List Page - Item Management ΓÇ║ should add multiple items at once 

    [31mTest timeout of 60000ms exceeded while running "beforeEach" hook.[39m

      132 | // ============================================================================
      133 | test.describe('List Page - Item Management', () => {
    > 134 |   test.beforeEach(async ({ page }) => {
          |        ^
      135 |     // Create a fresh list for each test
      136 |     await createTestList(page, 'Items Test List');
      137 |   });
        at C:\development\GenAI\Cursor\Grocery\e2e\grocery-app.spec.ts:134:8

    Error: locator.click: Test timeout of 60000ms exceeded.
    Call log:
    [2m  - waiting for locator('button.fixed, button[class*="fixed"]').first()[22m


      41 |   // Click the FAB (floating action button) - it contains a Plus icon
      42 |   const fabButton = page.locator('button.fixed, button[class*="fixed"]').first();
    > 43 |   await fabButton.click();
         |                   ^
      44 |   
      45 |   // Wait for modal dialog
      46 |   await page.waitForSelector('[role="dialog"]', { state: 'visible', timeout: 10000 });
        at createTestList (C:\development\GenAI\Cursor\Grocery\e2e\grocery-app.spec.ts:43:19)
        at C:\development\GenAI\Cursor\Grocery\e2e\grocery-app.spec.ts:136:5

    attachment #1: screenshot (image/png) ΓöÇΓöÇΓöÇΓöÇΓöÇΓöÇΓöÇΓöÇΓöÇΓöÇΓöÇΓöÇΓöÇΓöÇΓöÇΓöÇΓöÇΓöÇΓöÇΓöÇΓöÇΓöÇΓöÇΓöÇΓöÇΓöÇΓöÇΓöÇΓöÇΓöÇΓöÇΓöÇΓöÇΓöÇΓöÇΓöÇΓöÇΓöÇΓöÇΓöÇΓöÇΓöÇΓöÇΓöÇΓöÇΓöÇΓöÇΓöÇΓöÇΓöÇΓöÇΓöÇΓöÇΓöÇΓöÇΓöÇΓöÇΓöÇ
    test-results\grocery-app-List-Page---It-381d7--add-multiple-items-at-once-chromium\test-failed-1.png
    ΓöÇΓöÇΓöÇΓöÇΓöÇΓöÇΓöÇΓöÇΓöÇΓöÇΓöÇΓöÇΓöÇΓöÇΓöÇΓöÇΓöÇΓöÇΓöÇΓöÇΓöÇΓöÇΓöÇΓöÇΓöÇΓöÇΓöÇΓöÇΓöÇΓöÇΓöÇΓöÇΓöÇΓöÇΓöÇΓöÇΓöÇΓöÇΓöÇΓöÇΓöÇΓöÇΓöÇΓöÇΓöÇΓöÇΓöÇΓöÇΓöÇΓöÇΓöÇΓöÇΓöÇΓöÇΓöÇΓöÇΓöÇΓöÇΓöÇΓöÇΓöÇΓöÇΓöÇΓöÇΓöÇΓöÇΓöÇΓöÇΓöÇΓöÇΓöÇΓöÇΓöÇΓöÇΓöÇΓöÇΓöÇΓöÇΓöÇΓöÇΓöÇΓöÇΓöÇΓöÇΓöÇΓöÇΓöÇΓöÇΓöÇΓöÇΓöÇΓöÇΓöÇΓöÇΓöÇΓöÇ

    Error Context: test-results\grocery-app-List-Page---It-381d7--add-multiple-items-at-once-chromium\error-context.md

  6) [chromium] ΓÇ║ e2e\grocery-app.spec.ts:184:7 ΓÇ║ List Page - Item Management ΓÇ║ should delete an item 

    [31mTest timeout of 60000ms exceeded while running "beforeEach" hook.[39m

      132 | // ============================================================================
      133 | test.describe('List Page - Item Management', () => {
    > 134 |   test.beforeEach(async ({ page }) => {
          |        ^
      135 |     // Create a fresh list for each test
      136 |     await createTestList(page, 'Items Test List');
      137 |   });
        at C:\development\GenAI\Cursor\Grocery\e2e\grocery-app.spec.ts:134:8

    Error: locator.click: Test timeout of 60000ms exceeded.
    Call log:
    [2m  - waiting for locator('button.fixed, button[class*="fixed"]').first()[22m


      41 |   // Click the FAB (floating action button) - it contains a Plus icon
      42 |   const fabButton = page.locator('button.fixed, button[class*="fixed"]').first();
    > 43 |   await fabButton.click();
         |                   ^
      44 |   
      45 |   // Wait for modal dialog
      46 |   await page.waitForSelector('[role="dialog"]', { state: 'visible', timeout: 10000 });
        at createTestList (C:\development\GenAI\Cursor\Grocery\e2e\grocery-app.spec.ts:43:19)
        at C:\development\GenAI\Cursor\Grocery\e2e\grocery-app.spec.ts:136:5

    attachment #1: screenshot (image/png) ΓöÇΓöÇΓöÇΓöÇΓöÇΓöÇΓöÇΓöÇΓöÇΓöÇΓöÇΓöÇΓöÇΓöÇΓöÇΓöÇΓöÇΓöÇΓöÇΓöÇΓöÇΓöÇΓöÇΓöÇΓöÇΓöÇΓöÇΓöÇΓöÇΓöÇΓöÇΓöÇΓöÇΓöÇΓöÇΓöÇΓöÇΓöÇΓöÇΓöÇΓöÇΓöÇΓöÇΓöÇΓöÇΓöÇΓöÇΓöÇΓöÇΓöÇΓöÇΓöÇΓöÇΓöÇΓöÇΓöÇΓöÇΓöÇ
    test-results\grocery-app-List-Page---It-e2811-ement-should-delete-an-item-chromium\test-failed-1.png
    ΓöÇΓöÇΓöÇΓöÇΓöÇΓöÇΓöÇΓöÇΓöÇΓöÇΓöÇΓöÇΓöÇΓöÇΓöÇΓöÇΓöÇΓöÇΓöÇΓöÇΓöÇΓöÇΓöÇΓöÇΓöÇΓöÇΓöÇΓöÇΓöÇΓöÇΓöÇΓöÇΓöÇΓöÇΓöÇΓöÇΓöÇΓöÇΓöÇΓöÇΓöÇΓöÇΓöÇΓöÇΓöÇΓöÇΓöÇΓöÇΓöÇΓöÇΓöÇΓöÇΓöÇΓöÇΓöÇΓöÇΓöÇΓöÇΓöÇΓöÇΓöÇΓöÇΓöÇΓöÇΓöÇΓöÇΓöÇΓöÇΓöÇΓöÇΓöÇΓöÇΓöÇΓöÇΓöÇΓöÇΓöÇΓöÇΓöÇΓöÇΓöÇΓöÇΓöÇΓöÇΓöÇΓöÇΓöÇΓöÇΓöÇΓöÇΓöÇΓöÇΓöÇΓöÇΓöÇΓöÇ

    Error Context: test-results\grocery-app-List-Page---It-e2811-ement-should-delete-an-item-chromium\error-context.md

  7) [chromium] ΓÇ║ e2e\grocery-app.spec.ts:203:7 ΓÇ║ List Page - Item Management ΓÇ║ should add item to favorites 

    [31mTest timeout of 60000ms exceeded while running "beforeEach" hook.[39m

      132 | // ============================================================================
      133 | test.describe('List Page - Item Management', () => {
    > 134 |   test.beforeEach(async ({ page }) => {
          |        ^
      135 |     // Create a fresh list for each test
      136 |     await createTestList(page, 'Items Test List');
      137 |   });
        at C:\development\GenAI\Cursor\Grocery\e2e\grocery-app.spec.ts:134:8

    Error: locator.click: Test timeout of 60000ms exceeded.
    Call log:
    [2m  - waiting for locator('button.fixed, button[class*="fixed"]').first()[22m


      41 |   // Click the FAB (floating action button) - it contains a Plus icon
      42 |   const fabButton = page.locator('button.fixed, button[class*="fixed"]').first();
    > 43 |   await fabButton.click();
         |                   ^
      44 |   
      45 |   // Wait for modal dialog
      46 |   await page.waitForSelector('[role="dialog"]', { state: 'visible', timeout: 10000 });
        at createTestList (C:\development\GenAI\Cursor\Grocery\e2e\grocery-app.spec.ts:43:19)
        at C:\development\GenAI\Cursor\Grocery\e2e\grocery-app.spec.ts:136:5

    attachment #1: screenshot (image/png) ΓöÇΓöÇΓöÇΓöÇΓöÇΓöÇΓöÇΓöÇΓöÇΓöÇΓöÇΓöÇΓöÇΓöÇΓöÇΓöÇΓöÇΓöÇΓöÇΓöÇΓöÇΓöÇΓöÇΓöÇΓöÇΓöÇΓöÇΓöÇΓöÇΓöÇΓöÇΓöÇΓöÇΓöÇΓöÇΓöÇΓöÇΓöÇΓöÇΓöÇΓöÇΓöÇΓöÇΓöÇΓöÇΓöÇΓöÇΓöÇΓöÇΓöÇΓöÇΓöÇΓöÇΓöÇΓöÇΓöÇΓöÇΓöÇ
    test-results\grocery-app-List-Page---It-76a9a-hould-add-item-to-favorites-chromium\test-failed-1.png
    ΓöÇΓöÇΓöÇΓöÇΓöÇΓöÇΓöÇΓöÇΓöÇΓöÇΓöÇΓöÇΓöÇΓöÇΓöÇΓöÇΓöÇΓöÇΓöÇΓöÇΓöÇΓöÇΓöÇΓöÇΓöÇΓöÇΓöÇΓöÇΓöÇΓöÇΓöÇΓöÇΓöÇΓöÇΓöÇΓöÇΓöÇΓöÇΓöÇΓöÇΓöÇΓöÇΓöÇΓöÇΓöÇΓöÇΓöÇΓöÇΓöÇΓöÇΓöÇΓöÇΓöÇΓöÇΓöÇΓöÇΓöÇΓöÇΓöÇΓöÇΓöÇΓöÇΓöÇΓöÇΓöÇΓöÇΓöÇΓöÇΓöÇΓöÇΓöÇΓöÇΓöÇΓöÇΓöÇΓöÇΓöÇΓöÇΓöÇΓöÇΓöÇΓöÇΓöÇΓöÇΓöÇΓöÇΓöÇΓöÇΓöÇΓöÇΓöÇΓöÇΓöÇΓöÇΓöÇΓöÇ

    Error Context: test-results\grocery-app-List-Page---It-76a9a-hould-add-item-to-favorites-chromium\error-context.md

  8) [chromium] ΓÇ║ e2e\grocery-app.spec.ts:222:7 ΓÇ║ List Page - Item Management ΓÇ║ should edit an item 

    [31mTest timeout of 60000ms exceeded while running "beforeEach" hook.[39m

      132 | // ============================================================================
      133 | test.describe('List Page - Item Management', () => {
    > 134 |   test.beforeEach(async ({ page }) => {
          |        ^
      135 |     // Create a fresh list for each test
      136 |     await createTestList(page, 'Items Test List');
      137 |   });
        at C:\development\GenAI\Cursor\Grocery\e2e\grocery-app.spec.ts:134:8

    Error: locator.click: Test timeout of 60000ms exceeded.
    Call log:
    [2m  - waiting for locator('button.fixed, button[class*="fixed"]').first()[22m


      41 |   // Click the FAB (floating action button) - has class "fab"
      42 |   const fabButton = page.locator('button.fab').first();
    > 43 |   await fabButton.click();
         |                   ^
      44 |   
      45 |   // Wait for modal dialog
      46 |   await page.waitForSelector('[role="dialog"]', { state: 'visible', timeout: 10000 });
        at createTestList (C:\development\GenAI\Cursor\Grocery\e2e\grocery-app.spec.ts:43:19)
        at C:\development\GenAI\Cursor\Grocery\e2e\grocery-app.spec.ts:136:5

    attachment #1: screenshot (image/png) ΓöÇΓöÇΓöÇΓöÇΓöÇΓöÇΓöÇΓöÇΓöÇΓöÇΓöÇΓöÇΓöÇΓöÇΓöÇΓöÇΓöÇΓöÇΓöÇΓöÇΓöÇΓöÇΓöÇΓöÇΓöÇΓöÇΓöÇΓöÇΓöÇΓöÇΓöÇΓöÇΓöÇΓöÇΓöÇΓöÇΓöÇΓöÇΓöÇΓöÇΓöÇΓöÇΓöÇΓöÇΓöÇΓöÇΓöÇΓöÇΓöÇΓöÇΓöÇΓöÇΓöÇΓöÇΓöÇΓöÇΓöÇΓöÇ
    test-results\grocery-app-List-Page---Item-Management-should-edit-an-item-chromium\test-failed-1.png
    ΓöÇΓöÇΓöÇΓöÇΓöÇΓöÇΓöÇΓöÇΓöÇΓöÇΓöÇΓöÇΓöÇΓöÇΓöÇΓöÇΓöÇΓöÇΓöÇΓöÇΓöÇΓöÇΓöÇΓöÇΓöÇΓöÇΓöÇΓöÇΓöÇΓöÇΓöÇΓöÇΓöÇΓöÇΓöÇΓöÇΓöÇΓöÇΓöÇΓöÇΓöÇΓöÇΓöÇΓöÇΓöÇΓöÇΓöÇΓöÇΓöÇΓöÇΓöÇΓöÇΓöÇΓöÇΓöÇΓöÇΓöÇΓöÇΓöÇΓöÇΓöÇΓöÇΓöÇΓöÇΓöÇΓöÇΓöÇΓöÇΓöÇΓöÇΓöÇΓöÇΓöÇΓöÇΓöÇΓöÇΓöÇΓöÇΓöÇΓöÇΓöÇΓöÇΓöÇΓöÇΓöÇΓöÇΓöÇΓöÇΓöÇΓöÇΓöÇΓöÇΓöÇΓöÇΓöÇΓöÇ

    Error Context: test-results\grocery-app-List-Page---Item-Management-should-edit-an-item-chromium\error-context.md

  9) [chromium] ΓÇ║ e2e\grocery-app.spec.ts:252:7 ΓÇ║ List Page - Item Management ΓÇ║ should rename the list 

    [31mTest timeout of 60000ms exceeded.[39m

    Error: locator.click: Test timeout of 60000ms exceeded.
    Call log:
    [2m  - waiting for locator('button:has(svg.lucide-more-vertical)')[22m


      252 |   test('should rename the list', async ({ page }) => {
      253 |     // Open menu
    > 254 |     await page.locator('button:has(svg.lucide-more-vertical)').click();
          |                                                                ^
      255 |     await page.waitForTimeout(300);
      256 |     
      257 |     // Click edit option - first button with edit icon in menu
        at C:\development\GenAI\Cursor\Grocery\e2e\grocery-app.spec.ts:254:64

    attachment #1: screenshot (image/png) ΓöÇΓöÇΓöÇΓöÇΓöÇΓöÇΓöÇΓöÇΓöÇΓöÇΓöÇΓöÇΓöÇΓöÇΓöÇΓöÇΓöÇΓöÇΓöÇΓöÇΓöÇΓöÇΓöÇΓöÇΓöÇΓöÇΓöÇΓöÇΓöÇΓöÇΓöÇΓöÇΓöÇΓöÇΓöÇΓöÇΓöÇΓöÇΓöÇΓöÇΓöÇΓöÇΓöÇΓöÇΓöÇΓöÇΓöÇΓöÇΓöÇΓöÇΓöÇΓöÇΓöÇΓöÇΓöÇΓöÇΓöÇΓöÇ
    test-results\grocery-app-List-Page---It-cdf3e-ment-should-rename-the-list-chromium\test-failed-1.png
    ΓöÇΓöÇΓöÇΓöÇΓöÇΓöÇΓöÇΓöÇΓöÇΓöÇΓöÇΓöÇΓöÇΓöÇΓöÇΓöÇΓöÇΓöÇΓöÇΓöÇΓöÇΓöÇΓöÇΓöÇΓöÇΓöÇΓöÇΓöÇΓöÇΓöÇΓöÇΓöÇΓöÇΓöÇΓöÇΓöÇΓöÇΓöÇΓöÇΓöÇΓöÇΓöÇΓöÇΓöÇΓöÇΓöÇΓöÇΓöÇΓöÇΓöÇΓöÇΓöÇΓöÇΓöÇΓöÇΓöÇΓöÇΓöÇΓöÇΓöÇΓöÇΓöÇΓöÇΓöÇΓöÇΓöÇΓöÇΓöÇΓöÇΓöÇΓöÇΓöÇΓöÇΓöÇΓöÇΓöÇΓöÇΓöÇΓöÇΓöÇΓöÇΓöÇΓöÇΓöÇΓöÇΓöÇΓöÇΓöÇΓöÇΓöÇΓöÇΓöÇΓöÇΓöÇΓöÇΓöÇ

    Error Context: test-results\grocery-app-List-Page---It-cdf3e-ment-should-rename-the-list-chromium\error-context.md

  10) [chromium] ΓÇ║ e2e\grocery-app.spec.ts:309:7 ΓÇ║ Shopping Mode ΓÇ║ should enter shopping mode ΓöÇΓöÇΓöÇΓöÇΓöÇΓöÇ

    Error: [2mexpect([22m[31mpage[39m[2m).[22mtoHaveURL[2m([22m[32mexpected[39m[2m)[22m failed

    Expected pattern: [32m/\/shopping/[39m
    Received string:  [31m"http://localhost:3000/list/487d2789-7b57-4ec8-a9a3-a0880792e9a5"[39m
    Timeout: 5000ms

    Call log:
    [2m  - Expect "toHaveURL" with timeout 5000ms[22m
    [2m    8 ├ù unexpected value "http://localhost:3000/list/487d2789-7b57-4ec8-a9a3-a0880792e9a5"[22m


      312 |     
      313 |     // Should be in shopping mode
    > 314 |     await expect(page).toHaveURL(/\/shopping/);
          |                        ^
      315 |   });
      316 |
      317 |   test('should display header in shopping mode', async ({ page }) => {
        at C:\development\GenAI\Cursor\Grocery\e2e\grocery-app.spec.ts:314:24

    attachment #1: screenshot (image/png) ΓöÇΓöÇΓöÇΓöÇΓöÇΓöÇΓöÇΓöÇΓöÇΓöÇΓöÇΓöÇΓöÇΓöÇΓöÇΓöÇΓöÇΓöÇΓöÇΓöÇΓöÇΓöÇΓöÇΓöÇΓöÇΓöÇΓöÇΓöÇΓöÇΓöÇΓöÇΓöÇΓöÇΓöÇΓöÇΓöÇΓöÇΓöÇΓöÇΓöÇΓöÇΓöÇΓöÇΓöÇΓöÇΓöÇΓöÇΓöÇΓöÇΓöÇΓöÇΓöÇΓöÇΓöÇΓöÇΓöÇΓöÇΓöÇ
    test-results\grocery-app-Shopping-Mode-should-enter-shopping-mode-chromium\test-failed-1.png
    ΓöÇΓöÇΓöÇΓöÇΓöÇΓöÇΓöÇΓöÇΓöÇΓöÇΓöÇΓöÇΓöÇΓöÇΓöÇΓöÇΓöÇΓöÇΓöÇΓöÇΓöÇΓöÇΓöÇΓöÇΓöÇΓöÇΓöÇΓöÇΓöÇΓöÇΓöÇΓöÇΓöÇΓöÇΓöÇΓöÇΓöÇΓöÇΓöÇΓöÇΓöÇΓöÇΓöÇΓöÇΓöÇΓöÇΓöÇΓöÇΓöÇΓöÇΓöÇΓöÇΓöÇΓöÇΓöÇΓöÇΓöÇΓöÇΓöÇΓöÇΓöÇΓöÇΓöÇΓöÇΓöÇΓöÇΓöÇΓöÇΓöÇΓöÇΓöÇΓöÇΓöÇΓöÇΓöÇΓöÇΓöÇΓöÇΓöÇΓöÇΓöÇΓöÇΓöÇΓöÇΓöÇΓöÇΓöÇΓöÇΓöÇΓöÇΓöÇΓöÇΓöÇΓöÇΓöÇΓöÇ

    Error Context: test-results\grocery-app-Shopping-Mode-should-enter-shopping-mode-chromium\error-context.md

  11) [chromium] ΓÇ║ e2e\grocery-app.spec.ts:470:7 ΓÇ║ Navigation ΓÇ║ should navigate using bottom nav ΓöÇΓöÇΓöÇ

    [31mTest timeout of 60000ms exceeded.[39m

    Error: locator.click: Test timeout of 60000ms exceeded.
    Call log:
    [2m  - waiting for locator('nav a:has(svg.lucide-home)')[22m


      485 |     
      486 |     // Navigate back to Home
    > 487 |     await page.locator('nav a:has(svg.lucide-home)').click();
          |                                                      ^
      488 |     await expect(page).toHaveURL('/');
      489 |   });
      490 |
        at C:\development\GenAI\Cursor\Grocery\e2e\grocery-app.spec.ts:487:54

    attachment #1: screenshot (image/png) ΓöÇΓöÇΓöÇΓöÇΓöÇΓöÇΓöÇΓöÇΓöÇΓöÇΓöÇΓöÇΓöÇΓöÇΓöÇΓöÇΓöÇΓöÇΓöÇΓöÇΓöÇΓöÇΓöÇΓöÇΓöÇΓöÇΓöÇΓöÇΓöÇΓöÇΓöÇΓöÇΓöÇΓöÇΓöÇΓöÇΓöÇΓöÇΓöÇΓöÇΓöÇΓöÇΓöÇΓöÇΓöÇΓöÇΓöÇΓöÇΓöÇΓöÇΓöÇΓöÇΓöÇΓöÇΓöÇΓöÇΓöÇΓöÇ
    test-results\grocery-app-Navigation-should-navigate-using-bottom-nav-chromium\test-failed-1.png
    ΓöÇΓöÇΓöÇΓöÇΓöÇΓöÇΓöÇΓöÇΓöÇΓöÇΓöÇΓöÇΓöÇΓöÇΓöÇΓöÇΓöÇΓöÇΓöÇΓöÇΓöÇΓöÇΓöÇΓöÇΓöÇΓöÇΓöÇΓöÇΓöÇΓöÇΓöÇΓöÇΓöÇΓöÇΓöÇΓöÇΓöÇΓöÇΓöÇΓöÇΓöÇΓöÇΓöÇΓöÇΓöÇΓöÇΓöÇΓöÇΓöÇΓöÇΓöÇΓöÇΓöÇΓöÇΓöÇΓöÇΓöÇΓöÇΓöÇΓöÇΓöÇΓöÇΓöÇΓöÇΓöÇΓöÇΓöÇΓöÇΓöÇΓöÇΓöÇΓöÇΓöÇΓöÇΓöÇΓöÇΓöÇΓöÇΓöÇΓöÇΓöÇΓöÇΓöÇΓöÇΓöÇΓöÇΓöÇΓöÇΓöÇΓöÇΓöÇΓöÇΓöÇΓöÇΓöÇΓöÇ

    Error Context: test-results\grocery-app-Navigation-should-navigate-using-bottom-nav-chromium\error-context.md

  12) [chromium] ΓÇ║ e2e\grocery-app.spec.ts:507:7 ΓÇ║ Language Switching ΓÇ║ should switch to Hebrew and back 

    [31mTest timeout of 60000ms exceeded.[39m

    Error: locator.click: Test timeout of 60000ms exceeded.
    Call log:
    [2m  - waiting for locator('button').filter({ hasText: /EN/ }).first()[22m


      520 |       const englishButton = page.locator('button').filter({ hasText: /EN/ }).first();
      521 |       await englishButton.click();
    > 522 |       await page.waitForTimeout(500);
          |                           ^
      523 |       
      524 |       // Page should be in LTR mode
      525 |       await expect(page.locator('html')).toHaveAttribute('dir', 'ltr');
        at C:\development\GenAI\Cursor\Grocery\e2e\grocery-app.spec.ts:522:27

    attachment #1: screenshot (image/png) ΓöÇΓöÇΓöÇΓöÇΓöÇΓöÇΓöÇΓöÇΓöÇΓöÇΓöÇΓöÇΓöÇΓöÇΓöÇΓöÇΓöÇΓöÇΓöÇΓöÇΓöÇΓöÇΓöÇΓöÇΓöÇΓöÇΓöÇΓöÇΓöÇΓöÇΓöÇΓöÇΓöÇΓöÇΓöÇΓöÇΓöÇΓöÇΓöÇΓöÇΓöÇΓöÇΓöÇΓöÇΓöÇΓöÇΓöÇΓöÇΓöÇΓöÇΓöÇΓöÇΓöÇΓöÇΓöÇΓöÇΓöÇΓöÇ
    test-results\grocery-app-Language-Switc-d79ff-d-switch-to-Hebrew-and-back-chromium\test-failed-1.png
    ΓöÇΓöÇΓöÇΓöÇΓöÇΓöÇΓöÇΓöÇΓöÇΓöÇΓöÇΓöÇΓöÇΓöÇΓöÇΓöÇΓöÇΓöÇΓöÇΓöÇΓöÇΓöÇΓöÇΓöÇΓöÇΓöÇΓöÇΓöÇΓöÇΓöÇΓöÇΓöÇΓöÇΓöÇΓöÇΓöÇΓöÇΓöÇΓöÇΓöÇΓöÇΓöÇΓöÇΓöÇΓöÇΓöÇΓöÇΓöÇΓöÇΓöÇΓöÇΓöÇΓöÇΓöÇΓöÇΓöÇΓöÇΓöÇΓöÇΓöÇΓöÇΓöÇΓöÇΓöÇΓöÇΓöÇΓöÇΓöÇΓöÇΓöÇΓöÇΓöÇΓöÇΓöÇΓöÇΓöÇΓöÇΓöÇΓöÇΓöÇΓöÇΓöÇΓöÇΓöÇΓöÇΓöÇΓöÇΓöÇΓöÇΓöÇΓöÇΓöÇΓöÇΓöÇΓöÇΓöÇ

  13) [chromium] ΓÇ║ e2e\grocery-app.spec.ts:535:7 ΓÇ║ Share Functionality ΓÇ║ should open share modal ΓöÇΓöÇΓöÇ

    [31mTest timeout of 30000ms exceeded.[39m

    Error: locator.click: Test timeout of 30000ms exceeded.
    Call log:
    [2m  - waiting for locator('button.fab').first()[22m


      44 |   // Wait for modal dialog
      45 |   await page.waitForSelector('[role="dialog"]', { state: 'visible', timeout: 10000 });
    > 46 |   
         |   ^
      47 |   // Enter list name - find input in the dialog
      48 |   const nameInput = page.locator('[role="dialog"] input').first();
      49 |   await nameInput.fill(listName);
        at createTestList (C:\development\GenAI\Cursor\Grocery\e2e\grocery-app.spec.ts:46:19)
        at C:\development\GenAI\Cursor\Grocery\e2e\grocery-app.spec.ts:633:5

    attachment #1: screenshot (image/png) ΓöÇΓöÇΓöÇΓöÇΓöÇΓöÇΓöÇΓöÇΓöÇΓöÇΓöÇΓöÇΓöÇΓöÇΓöÇΓöÇΓöÇΓöÇΓöÇΓöÇΓöÇΓöÇΓöÇΓöÇΓöÇΓöÇΓöÇΓöÇΓöÇΓöÇΓöÇΓöÇΓöÇΓöÇΓöÇΓöÇΓöÇΓöÇΓöÇΓöÇΓöÇΓöÇΓöÇΓöÇΓöÇΓöÇΓöÇΓöÇΓöÇΓöÇΓöÇΓöÇΓöÇΓöÇΓöÇΓöÇΓöÇΓöÇ
    test-results\grocery-app-Share-Functionality-should-open-share-modal-chromium\test-failed-1.png
    ΓöÇΓöÇΓöÇΓöÇΓöÇΓöÇΓöÇΓöÇΓöÇΓöÇΓöÇΓöÇΓöÇΓöÇΓöÇΓöÇΓöÇΓöÇΓöÇΓöÇΓöÇΓöÇΓöÇΓöÇΓöÇΓöÇΓöÇΓöÇΓöÇΓöÇΓöÇΓöÇΓöÇΓöÇΓöÇΓöÇΓöÇΓöÇΓöÇΓöÇΓöÇΓöÇΓöÇΓöÇΓöÇΓöÇΓöÇΓöÇΓöÇΓöÇΓöÇΓöÇΓöÇΓöÇΓöÇΓöÇΓöÇΓöÇΓöÇΓöÇΓöÇΓöÇΓöÇΓöÇΓöÇΓöÇΓöÇΓöÇΓöÇΓöÇΓöÇΓöÇΓöÇΓöÇΓöÇΓöÇΓöÇΓöÇΓöÇΓöÇΓöÇΓöÇΓöÇΓöÇΓöÇΓöÇΓöÇΓöÇΓöÇΓöÇΓöÇΓöÇΓöÇΓöÇΓöÇΓöÇ

  14) [chromium] ΓÇ║ e2e\grocery-app.spec.ts:678:7 ΓÇ║ Cleanup - Delete All Test Data ΓÇ║ final verification - app is clean 

    Error: [2mexpect([22m[31mlocator[39m[2m).[22mtoBeVisible[2m([22m[2m)[22m failed

    Locator: getByRole('main')
    Expected: visible
    Timeout: 5000ms
    Error: element(s) not found

    Call log:
    [2m  - Expect "toBeVisible" with timeout 5000ms[22m
    [2m  - waiting for getByRole('main')[22m


      681 |     
      682 |     // Verify empty state on home
    > 683 |     await expect(page.getByRole('main')).toBeVisible();
          |                                          ^
      684 |     await expect(page.getByText(/No lists|╫É╫Ö╫ƒ ╫¿╫⌐╫Ö╫₧╫ò╫¬/)).toBeVisible();
      685 |     
      686 |     // Verify favorites are empty
        at C:\development\GenAI\Cursor\Grocery\e2e\grocery-app.spec.ts:683:42

    attachment #1: screenshot (image/png) ΓöÇΓöÇΓöÇΓöÇΓöÇΓöÇΓöÇΓöÇΓöÇΓöÇΓöÇΓöÇΓöÇΓöÇΓöÇΓöÇΓöÇΓöÇΓöÇΓöÇΓöÇΓöÇΓöÇΓöÇΓöÇΓöÇΓöÇΓöÇΓöÇΓöÇΓöÇΓöÇΓöÇΓöÇΓöÇΓöÇΓöÇΓöÇΓöÇΓöÇΓöÇΓöÇΓöÇΓöÇΓöÇΓöÇΓöÇΓöÇΓöÇΓöÇΓöÇΓöÇΓöÇΓöÇΓöÇΓöÇΓöÇΓöÇ
    test-results\grocery-app-Cleanup---Dele-6e8c6-verification---app-is-clean-chromium\test-failed-1.png
    ΓöÇΓöÇΓöÇΓöÇΓöÇΓöÇΓöÇΓöÇΓöÇΓöÇΓöÇΓöÇΓöÇΓöÇΓöÇΓöÇΓöÇΓöÇΓöÇΓöÇΓöÇΓöÇΓöÇΓöÇΓöÇΓöÇΓöÇΓöÇΓöÇΓöÇΓöÇΓöÇΓöÇΓöÇΓöÇΓöÇΓöÇΓöÇΓöÇΓöÇΓöÇΓöÇΓöÇΓöÇΓöÇΓöÇΓöÇΓöÇΓöÇΓöÇΓöÇΓöÇΓöÇΓöÇΓöÇΓöÇΓöÇΓöÇΓöÇΓöÇΓöÇΓöÇΓöÇΓöÇΓöÇΓöÇΓöÇΓöÇΓöÇΓöÇΓöÇΓöÇΓöÇΓöÇΓöÇΓöÇΓöÇΓöÇΓöÇΓöÇΓöÇΓöÇΓöÇΓöÇΓöÇΓöÇΓöÇΓöÇΓöÇΓöÇΓöÇΓöÇΓöÇΓöÇΓöÇΓöÇ

  14 failed
    [chromium] ΓÇ║ e2e\grocery-app.spec.ts:78:7 ΓÇ║ Home Page - List Management ΓÇ║ should create a new empty list 
    [chromium] ΓÇ║ e2e\grocery-app.spec.ts:100:7 ΓÇ║ Home Page - List Management ΓÇ║ should display created list on home page 
    [chromium] ΓÇ║ e2e\grocery-app.spec.ts:112:7 ΓÇ║ Home Page - List Management ΓÇ║ should open list menu and show delete option 
    [chromium] ΓÇ║ e2e\grocery-app.spec.ts:139:7 ΓÇ║ List Page - Item Management ΓÇ║ should add a single item to the list 
    [chromium] ΓÇ║ e2e\grocery-app.spec.ts:156:7 ΓÇ║ List Page - Item Management ΓÇ║ should add multiple items at once 
    [chromium] ΓÇ║ e2e\grocery-app.spec.ts:184:7 ΓÇ║ List Page - Item Management ΓÇ║ should delete an item 
    [chromium] ΓÇ║ e2e\grocery-app.spec.ts:203:7 ΓÇ║ List Page - Item Management ΓÇ║ should add item to favorites 
    [chromium] ΓÇ║ e2e\grocery-app.spec.ts:222:7 ΓÇ║ List Page - Item Management ΓÇ║ should edit an item ΓöÇ
    [chromium] ΓÇ║ e2e\grocery-app.spec.ts:252:7 ΓÇ║ List Page - Item Management ΓÇ║ should rename the list 
    [chromium] ΓÇ║ e2e\grocery-app.spec.ts:309:7 ΓÇ║ Shopping Mode ΓÇ║ should enter shopping mode ΓöÇΓöÇΓöÇΓöÇΓöÇΓöÇΓöÇΓöÇ
    [chromium] ΓÇ║ e2e\grocery-app.spec.ts:470:7 ΓÇ║ Navigation ΓÇ║ should navigate using bottom nav ΓöÇΓöÇΓöÇΓöÇΓöÇ
    [chromium] ΓÇ║ e2e\grocery-app.spec.ts:507:7 ΓÇ║ Language Switching ΓÇ║ should switch to Hebrew and back 
    [chromium] ΓÇ║ e2e\grocery-app.spec.ts:535:7 ΓÇ║ Share Functionality ΓÇ║ should open share modal ΓöÇΓöÇΓöÇΓöÇΓöÇ
    [chromium] ΓÇ║ e2e\grocery-app.spec.ts:678:7 ΓÇ║ Cleanup - Delete All Test Data ΓÇ║ final verification - app is clean 
  21 passed (14.4m)
